[2026-06-18T08:43:09.168Z] === CodespaceTelemetryService Constructor Started ===
[2026-06-18T08:43:09.168Z] Session ID: 1781772189168-j3p5c1n3kt
[2026-06-18T08:43:09.168Z] CODESPACE_NAME: undefined
[2026-06-18T08:43:09.168Z] CODESPACES: undefined
[2026-06-18T08:43:09.168Z] GITHUB_USER: undefined
[2026-06-18T08:43:09.168Z] GITHUB_CODESPACE_TOKEN: NOT SET
[2026-06-18T08:43:09.168Z] NOT IN GENUINE GITHUB CODESPACE - Service disabled
[2026-06-18T08:43:09.169Z]   CODESPACE_NAME: missing
[2026-06-18T08:43:09.169Z]   CODESPACES: missing
[2026-06-18T08:43:09.169Z]   GITHUB_CODESPACE_TOKEN: missing
[2026-06-19T08:13:35.965Z] === CodespaceTelemetryService Constructor Started ===
[2026-06-19T08:13:35.966Z] Session ID: 1781856815965-0x5tu0gkysym
[2026-06-19T08:13:35.966Z] CODESPACE_NAME: undefined
[2026-06-19T08:13:35.966Z] CODESPACES: undefined
[2026-06-19T08:13:35.966Z] GITHUB_USER: undefined
[2026-06-19T08:13:35.966Z] GITHUB_CODESPACE_TOKEN: NOT SET
[2026-06-19T08:13:35.966Z] NOT IN GENUINE GITHUB CODESPACE - Service disabled
[2026-06-19T08:13:35.966Z]   CODESPACE_NAME: missing
[2026-06-19T08:13:35.966Z]   CODESPACES: missing
[2026-06-19T08:13:35.966Z]   GITHUB_CODESPACE_TOKEN: missing
[2026-06-19T22:45:44.996Z] === CodespaceTelemetryService Constructor Started ===
[2026-06-19T22:45:44.996Z] Session ID: 1781909144996-8wr3s9v829
[2026-06-19T22:45:44.996Z] CODESPACE_NAME: undefined
[2026-06-19T22:45:44.996Z] CODESPACES: undefined
[2026-06-19T22:45:44.996Z] GITHUB_USER: undefined
[2026-06-19T22:45:44.996Z] GITHUB_CODESPACE_TOKEN: NOT SET
[2026-06-19T22:45:44.996Z] NOT IN GENUINE GITHUB CODESPACE - Service disabled
[2026-06-19T22:45:44.996Z]   CODESPACE_NAME: missing
[2026-06-19T22:45:44.996Z]   CODESPACES: missing
[2026-06-19T22:45:44.996Z]   GITHUB_CODESPACE_TOKEN: missing
[2026-06-21T15:42:40.702Z] === CodespaceTelemetryService Constructor Started ===
[2026-06-21T15:42:40.703Z] Session ID: 1782056560702-hwb15vzpi9
[2026-06-21T15:42:40.703Z] CODESPACE_NAME: undefined
[2026-06-21T15:42:40.703Z] CODESPACES: undefined
[2026-06-21T15:42:40.703Z] GITHUB_USER: undefined
[2026-06-21T15:42:40.703Z] GITHUB_CODESPACE_TOKEN: NOT SET
[2026-06-21T15:42:40.703Z] NOT IN GENUINE GITHUB CODESPACE - Service disabled
[2026-06-21T15:42:40.703Z]   CODESPACE_NAME: missing
[2026-06-21T15:42:40.703Z]   CODESPACES: missing
[2026-06-21T15:42:40.703Z]   GITHUB_CODESPACE_TOKEN: missing
[2026-06-22T07:26:40.578Z] === CodespaceTelemetryService Constructor Started ===
[2026-06-22T07:26:40.578Z] Session ID: 1782113200578-7yggfc5ha9y
[2026-06-22T07:26:40.578Z] CODESPACE_NAME: undefined
[2026-06-22T07:26:40.578Z] CODESPACES: undefined
[2026-06-22T07:26:40.578Z] GITHUB_USER: undefined
[2026-06-22T07:26:40.578Z] GITHUB_CODESPACE_TOKEN: NOT SET
[2026-06-22T07:26:40.578Z] NOT IN GENUINE GITHUB CODESPACE - Service disabled
[2026-06-22T07:26:40.578Z]   CODESPACE_NAME: missing
[2026-06-22T07:26:40.578Z]   CODESPACES: missing
[2026-06-22T07:26:40.578Z]   GITHUB_CODESPACE_TOKEN: missing
[2026-06-25T02:06:06.138Z] === CodespaceTelemetryService Constructor Started ===
[2026-06-25T02:06:06.140Z] Session ID: 1782353166138-41dowt7s1se
[2026-06-25T02:06:06.140Z] CODESPACE_NAME: undefined
[2026-06-25T02:06:06.140Z] CODESPACES: undefined
[2026-06-25T02:06:06.140Z] GITHUB_USER: undefined
[2026-06-25T02:06:06.140Z] GITHUB_CODESPACE_TOKEN: NOT SET
[2026-06-25T02:06:06.140Z] NOT IN GENUINE GITHUB CODESPACE - Service disabled
[2026-06-25T02:06:06.140Z]   CODESPACE_NAME: missing
[2026-06-25T02:06:06.140Z]   CODESPACES: missing
[2026-06-25T02:06:06.140Z]   GITHUB_CODESPACE_TOKEN: missing
[2026-06-25T02:07:36.110Z] === CodespaceTelemetryService Constructor Started ===
[2026-06-25T02:07:36.111Z] Session ID: 1782353256110-g8h7wlvafb
[2026-06-25T02:07:36.111Z] CODESPACE_NAME: undefined
[2026-06-25T02:07:36.111Z] CODESPACES: undefined
[2026-06-25T02:07:36.111Z] GITHUB_USER: undefined
[2026-06-25T02:07:36.111Z] GITHUB_CODESPACE_TOKEN: NOT SET
[2026-06-25T02:07:36.111Z] NOT IN GENUINE GITHUB CODESPACE - Service disabled
[2026-06-25T02:07:36.111Z]   CODESPACE_NAME: missing
[2026-06-25T02:07:36.111Z]   CODESPACES: missing
[2026-06-25T02:07:36.111Z]   GITHUB_CODESPACE_TOKEN: missing
[2026-06-26T01:52:16.191Z] === CodespaceTelemetryService Constructor Started ===
[2026-06-26T01:52:16.191Z] Session ID: 1782438736191-bddak8k5ey8
[2026-06-26T01:52:16.191Z] CODESPACE_NAME: undefined
[2026-06-26T01:52:16.191Z] CODESPACES: undefined
[2026-06-26T01:52:16.191Z] GITHUB_USER: undefined
[2026-06-26T01:52:16.191Z] GITHUB_CODESPACE_TOKEN: NOT SET
[2026-06-26T01:52:16.191Z] NOT IN GENUINE GITHUB CODESPACE - Service disabled
[2026-06-26T01:52:16.191Z]   CODESPACE_NAME: missing
[2026-06-26T01:52:16.191Z]   CODESPACES: missing
[2026-06-26T01:52:16.191Z]   GITHUB_CODESPACE_TOKEN: missing
[2026-06-28T09:58:57.876Z] === CodespaceTelemetryService Constructor Started ===
[2026-06-28T09:58:57.876Z] Session ID: 1782640737876-pu8hu4slfnh
[2026-06-28T09:58:57.876Z] CODESPACE_NAME: undefined
[2026-06-28T09:58:57.877Z] CODESPACES: undefined
[2026-06-28T09:58:57.877Z] GITHUB_USER: undefined
[2026-06-28T09:58:57.877Z] GITHUB_CODESPACE_TOKEN: NOT SET
[2026-06-28T09:58:57.877Z] NOT IN GENUINE GITHUB CODESPACE - Service disabled
[2026-06-28T09:58:57.877Z]   CODESPACE_NAME: missing
[2026-06-28T09:58:57.877Z]   CODESPACES: missing
[2026-06-28T09:58:57.877Z]   GITHUB_CODESPACE_TOKEN: missing
